// Jest Snapshot v1, https://goo.gl/fbAQLP

exports[`ChildMainMenuScreen snapshot renders ChildMainMenuScreen correctly 1`] = `
<View
  style={
    Object {
      "backgroundColor": "#fff7ae",
      "flex": 1,
      "flexDirection": "column",
    }
  }
>
  <View
    style={
      Object {
        "flex": 0,
      }
    }
  >
    <View
      style={
        Object {
          "height": 213.44,
          "justifyContent": "flex-end",
          "paddingLeft": 106.72,
          "paddingRight": 160.07999999999998,
          "width": "100%",
        }
      }
    >
      <View
        style={
          Array [
            Object {
              "backgroundColor": "gray",
              "borderRadius": 53.36,
              "elevation": 6,
              "height": 106.72,
              "overflow": "hidden",
              "position": "relative",
              "width": "100%",
            },
          ]
        }
      >
        <View
          animated={true}
          animationConfig={
            Object {
              "bounciness": 0,
            }
          }
          animationType="spring"
          indeterminate={false}
          onLayout={[Function]}
          progress={0.5}
          style={
            Array [
              Object {
                "backgroundColor": undefined,
                "borderColor": "#700548",
                "borderRadius": 0,
                "borderWidth": 0,
                "overflow": "hidden",
                "width": null,
              },
              undefined,
            ]
          }
          useNativeDriver={false}
        >
          <View
            style={
              Object {
                "backgroundColor": "#700548",
                "height": 106.72,
                "transform": Array [
                  Object {
                    "translateX": -0,
                  },
                  Object {
                    "translateX": -0,
                  },
                  Object {
                    "scaleX": 0.50005,
                  },
                ],
              }
            }
          />
        </View>
        <View
          style={
            Array [
              Object {
                "left": "25%",
              },
              Object {
                "borderRightColor": "#000",
                "borderRightWidth": 2,
                "height": 106.72,
                "opacity": 0.5,
                "position": "absolute",
              },
            ]
          }
        />
        <View
          style={
            Array [
              Object {
                "left": "50%",
              },
              Object {
                "borderRightColor": "#000",
                "borderRightWidth": 2,
                "height": 106.72,
                "opacity": 0.5,
                "position": "absolute",
              },
            ]
          }
        />
        <View
          style={
            Array [
              Object {
                "left": "75%",
              },
              Object {
                "borderRightColor": "#000",
                "borderRightWidth": 2,
                "height": 106.72,
                "opacity": 0.5,
                "position": "absolute",
              },
            ]
          }
        />
      </View>
      <View
        style={
          Object {
            "backgroundColor": "white",
            "borderRadius": 80.03999999999999,
            "bottom": 26.68,
            "elevation": 7,
            "height": 160.07999999999998,
            "overflow": "hidden",
            "position": "absolute",
            "right": 80.03999999999999,
            "width": 160.07999999999998,
          }
        }
      >
        <Image
          resizeMode="cover"
          source={1}
          style={
            Object {
              "height": 160.07999999999998,
              "width": 160.07999999999998,
            }
          }
        />
      </View>
      <Text
        accessible={true}
        allowFontScaling={true}
        ellipsizeMode="tail"
        style={
          Object {
            "color": "#000",
            "fontFamily": "LinotteBold",
            "fontSize": 18,
            "height": 53.36,
            "marginLeft": 41.57333333333333,
            "textShadowColor": "rgba(0, 0, 0, 0.2)",
            "textShadowOffset": Object {
              "height": 1,
              "width": 0,
            },
            "textShadowRadius": 3,
          }
        }
      >
        NÃ­vel 
        1
      </Text>
    </View>
  </View>
  <View
    style={
      Object {
        "alignItems": "center",
        "flex": 1,
        "flexDirection": "row",
        "justifyContent": "space-evenly",
      }
    }
  >
    <View
      accessible={true}
      isTVSelectable={true}
      onResponderGrant={[Function]}
      onResponderMove={[Function]}
      onResponderRelease={[Function]}
      onResponderTerminate={[Function]}
      onResponderTerminationRequest={[Function]}
      onStartShouldSetResponder={[Function]}
      style={
        Object {
          "alignItems": "center",
          "backgroundColor": "#49c6e5",
          "borderRadius": 187.5,
          "elevation": 10,
          "height": 375,
          "justifyContent": "center",
          "opacity": 1,
          "overflow": "hidden",
          "position": "relative",
          "width": 375,
        }
      }
    >
      <Image
        resizeMode="contain"
        source={1}
        style={
          Object {
            "height": 562.5,
            "position": "absolute",
            "top": 0,
            "width": 562.5,
          }
        }
      />
    </View>
    <View
      accessible={true}
      isTVSelectable={true}
      onResponderGrant={[Function]}
      onResponderMove={[Function]}
      onResponderRelease={[Function]}
      onResponderTerminate={[Function]}
      onResponderTerminationRequest={[Function]}
      onStartShouldSetResponder={[Function]}
      style={
        Object {
          "alignItems": "center",
          "backgroundColor": "#16db65",
          "borderRadius": 187.5,
          "elevation": 10,
          "height": 375,
          "justifyContent": "center",
          "opacity": 1,
          "overflow": "hidden",
          "position": "relative",
          "width": 375,
        }
      }
    >
      <Image
        source={1}
        style={
          Object {
            "height": "40%",
            "marginLeft": "7%",
            "tintColor": "#fff",
            "width": "40%",
          }
        }
      />
    </View>
  </View>
</View>
`;
