// Jest Snapshot v1, https://goo.gl/fbAQLP

exports[`PasswordPromptScreen snapshot renders PasswordPromptScreen correctly 1`] = `
<Styled(Container)
  style={
    Object {
      "backgroundColor": "#3db3e2",
    }
  }
>
  <Styled(Content)
    contentContainerStyle={
      Object {
        "flex": 1,
        "justifyContent": "center",
        "left": "10%",
        "width": "80%",
      }
    }
  >
    <Text
      accessible={true}
      allowFontScaling={true}
      ellipsizeMode="tail"
      style={
        Object {
          "color": "#ffffff",
          "fontFamily": "LinotteBold",
          "fontSize": 30,
          "marginBottom": "5%",
        }
      }
    >
      Bloqueio parental
    </Text>
    <Text
      accessible={true}
      allowFontScaling={true}
      ellipsizeMode="tail"
      style={
        Object {
          "color": "#ffffff",
          "fontFamily": "LinotteBold",
          "fontSize": 15,
          "marginBottom": "2%",
        }
      }
    >
      Introduza a sua palavra-passe abaixo para aceder Ã  zona de pai.
    </Text>
    <Styled(Form)>
      <Component
        style={
          Object {
            "alignItems": "center",
            "flexDirection": "row",
            "justifyContent": "center",
          }
        }
      >
        <Styled(Item)
          error={null}
          floatingLabel={true}
          style={
            Object {
              "marginLeft": 0,
            }
          }
          success={false}
        >
          <Styled(Label)
            style={
              Object {
                "color": "#ffffff",
                "fontFamily": "LinotteBold",
                "fontSize": 20,
              }
            }
          >
            Palavra-passe
          </Styled(Label)>
          <Styled(Input)
            className="password"
            onChangeText={[Function]}
            secureTextEntry={true}
            style={
              Object {
                "color": "#ffffff",
                "fontFamily": "LinotteBold",
                "fontSize": 20,
              }
            }
          />
        </Styled(Item)>
        <Styled(Button)
          onPress={[Function]}
          style={
            Object {
              "bottom": -5,
              "position": "absolute",
              "right": -10,
            }
          }
          transparent={true}
        >
          <Styled(Icon)
            name="eye"
            style={
              Object {
                "color": "white",
              }
            }
          />
        </Styled(Button)>
      </Component>
      <Styled(Button)
        block={true}
        onPress={[Function]}
        primary={true}
        rounded={true}
        style={
          Object {
            "marginTop": "10%",
          }
        }
      >
        <Text
          accessible={true}
          allowFontScaling={true}
          ellipsizeMode="tail"
          style={
            Object {
              "color": "white",
              "fontFamily": "LinotteBold",
              "fontSize": 20,
            }
          }
        >
          Entrar
        </Text>
      </Styled(Button)>
    </Styled(Form)>
  </Styled(Content)>
</Styled(Container)>
`;
