// Jest Snapshot v1, https://goo.gl/fbAQLP

exports[`RewardsScreen snapshot renders RewardsScreen correctly 1`] = `
<Styled(Content)>
  <SortableList
    items={
      Array [
        Object {
          "photo": "https://upload.wikimedia.org/wikipedia/commons/e/e3/Magnificent_CME_Erupts_on_the_Sun_-_August_31.jpg",
          "title": "Ir Ã  piscina",
        },
        Object {
          "photo": "https://upload.wikimedia.org/wikipedia/commons/e/e3/Magnificent_CME_Erupts_on_the_Sun_-_August_31.jpg",
          "title": "Brincar com Legos",
        },
        Object {
          "photo": "https://upload.wikimedia.org/wikipedia/commons/e/e3/Magnificent_CME_Erupts_on_the_Sun_-_August_31.jpg",
          "title": "Jogar PlayStation",
        },
      ]
    }
    onItemPress={[Function]}
  />
</Styled(Content)>
`;
