// Jest Snapshot v1, https://goo.gl/fbAQLP

exports[`RoutinesScreen snapshot renders RoutinesScreen correctly 1`] = `
<Styled(Content)
  contentContainerStyle={
    Object {
      "flexGrow": 1,
      "justifyContent": "center",
    }
  }
>
  <Styled(Spinner) />
</Styled(Content)>
`;
